
C:\Projects\v4-00-abes>git add -A 

C:\Projects\v4-00-abes>git commit -m "Finished @INTERFACE execute(args: Dictionary) -    " 
[initial dee2af4] Finished @INTERFACE execute(args: Dictionary) -
 4 files changed, 34 insertions(+), 28 deletions(-)
 create mode 100644 Dictionary

C:\Projects\v4-00-abes>git fetch 

C:\Projects\v4-00-abes>git merge -X theirs 
Already up to date.

C:\Projects\v4-00-abes>git commit -m "merged theirs" 
On branch initial
Your branch is ahead of 'origin/initial' by 1 commit.
  (use "git push" to publish your local commits)

Changes not staged for commit:
  (use "git add <file>..." to update what will be committed)
  (use "git restore <file>..." to discard changes in working directory)
	modified:   Dictionary

no changes added to commit (use "git add" and/or "git commit -a")
Terminate batch job (Y/N)? 
